
 Quartz v4.5.2

Cleaned output directory `public` in 62ms
Found 572 input files from `content` in 82ms
Parsing input files using 4 threads
Parsed 572 Markdown files in 8s
Filtered out 0 files in 610μs
Emitting files
Emitted 789 files to `public` in 3s
Done processing 572 files in 11s
Started a Quartz server listening at http://localhost:8080
hint: exit with ctrl+c
[200] /
[200] /index.css
[200] /prescript.js
[200] /postscript.js
[200] /static/contentIndex.json
Killed
fatal error: all goroutines are asleep - deadlock!

goroutine 1 [chan receive]:
github.com/evanw/esbuild/internal/helpers.(*ThreadSafeWaitGroup).Wait(...)
	github.com/evanw/esbuild/internal/helpers/waitgroup.go:36
main.runService.func2()
	github.com/evanw/esbuild/cmd/esbuild/service.go:114 +0x53
main.runService(0x1)
	github.com/evanw/esbuild/cmd/esbuild/service.go:160 +0x637
main.main()
	github.com/evanw/esbuild/cmd/esbuild/main.go:252 +0xb16

goroutine 7 [chan receive]:
main.runService.func1()
	github.com/evanw/esbuild/cmd/esbuild/service.go:98 +0x45
created by main.runService in goroutine 1
	github.com/evanw/esbuild/cmd/esbuild/service.go:97 +0x1ce

goroutine 8 [chan receive]:
main.(*serviceType).sendRequest(0x46697bb020, {0xa08b60, 0x466df50c30})
	github.com/evanw/esbuild/cmd/esbuild/service.go:192 +0x12b
main.runService.func3()
	github.com/evanw/esbuild/cmd/esbuild/service.go:125 +0x3e
created by main.runService in goroutine 1
	github.com/evanw/esbuild/cmd/esbuild/service.go:122 +0x2c7
